// Jest Snapshot v1, https://goo.gl/fbAQLP

exports[`OrganizationRepositoriesContainer render() without any providers is loading when initially rendering 1`] = `
<SideEffect(DocumentTitle)
  title="Repositories - Sentry"
>
  <OrganizationRepositories
    error={false}
    errors={Object {}}
    itemList={Array []}
    loading={false}
    onAddRepo={[Function]}
    onCancelDelete={[Function]}
    onDeleteRepo={[Function]}
    organization={
      Object {
        "access": Array [
          "org:read",
          "org:write",
          "org:admin",
          "project:read",
          "project:write",
          "project:admin",
          "team:read",
          "team:write",
          "team:admin",
        ],
        "features": Array [],
        "id": "3",
        "name": "Organization Name",
        "onboardingTasks": Array [],
        "projects": Array [],
        "scrapeJavaScript": true,
        "slug": "org-slug",
        "status": Object {
          "id": "active",
          "name": "active",
        },
        "teams": Array [],
      }
    }
    params={
      Object {
        "orgId": "org-slug",
      }
    }
    reloading={false}
    remainingRequests={0}
    repoConfig={
      Object {
        "providers": Array [],
      }
    }
  />
</SideEffect(DocumentTitle)>
`;
